<?xml version='1.0' encoding='utf-8'?>
<testsuites tests="3" failures="0" errors="0" skipped="0" time="3.213"><testsuite name="Root Suite" timestamp="2023-06-04T07:30:00" tests="0" file="cypress\e2e\todo_app\todo_smoke.cy.js" time="0" failures="0" errors="0" skipped="0">
  </testsuite>
  <testsuite name="[smoke] Todo app list" timestamp="2023-06-04T07:30:00" tests="1" time="0.934" failures="0" errors="0" skipped="0">
    <testcase name="[smoke] Todo app list displays two todo items by default" time="0.934" classname="displays two todo items by default">
    </testcase>
  </testsuite>
<testsuite name="Root Suite" timestamp="2023-06-04T07:29:48" tests="0" file="cypress\e2e\todo_app\todo_interactions.cy.js" time="0" failures="0" errors="0" skipped="0">
  </testsuite>
  <testsuite name="[interactions] Todo app list with a checked task" timestamp="2023-06-04T07:29:48" tests="2" time="2.279" failures="0" errors="0" skipped="0">
    <testcase name="[interactions] Todo app list with a checked task can filter for uncompleted tasks" time="1.748" classname="can filter for uncompleted tasks">
    </testcase>
    <testcase name="[interactions] Todo app list with a checked task can filter for completed tasks" time="0.531" classname="can filter for completed tasks">
    </testcase>
  </testsuite>
</testsuites>